mode: set
github.com/mrhumster/stream-service/internal/delivery/http/dto/request/create_stream_request.go:18.101,20.16 2 0
github.com/mrhumster/stream-service/internal/delivery/http/dto/request/create_stream_request.go:20.16,22.3 1 0
github.com/mrhumster/stream-service/internal/delivery/http/dto/request/create_stream_request.go:23.2,29.8 1 0
github.com/mrhumster/stream-service/internal/delivery/http/dto/request/create_stream_request.go:32.48,33.19 1 1
github.com/mrhumster/stream-service/internal/delivery/http/dto/request/create_stream_request.go:33.19,35.3 1 1
github.com/mrhumster/stream-service/internal/delivery/http/dto/request/create_stream_request.go:37.2,37.24 1 1
github.com/mrhumster/stream-service/internal/delivery/http/dto/request/create_stream_request.go:37.24,39.3 1 0
github.com/mrhumster/stream-service/internal/delivery/http/dto/request/create_stream_request.go:41.2,41.22 1 1
github.com/mrhumster/stream-service/internal/delivery/http/dto/request/create_stream_request.go:42.84,42.84 0 1
github.com/mrhumster/stream-service/internal/delivery/http/dto/request/create_stream_request.go:43.10,44.60 1 1
github.com/mrhumster/stream-service/internal/delivery/http/dto/request/create_stream_request.go:47.2,47.12 1 1
github.com/mrhumster/stream-service/internal/delivery/http/dto/request/update_stream_request.go:17.48,18.20 1 1
github.com/mrhumster/stream-service/internal/delivery/http/dto/request/update_stream_request.go:18.20,19.21 1 1
github.com/mrhumster/stream-service/internal/delivery/http/dto/request/update_stream_request.go:19.21,21.4 1 1
github.com/mrhumster/stream-service/internal/delivery/http/dto/request/update_stream_request.go:22.3,22.26 1 1
github.com/mrhumster/stream-service/internal/delivery/http/dto/request/update_stream_request.go:22.26,24.4 1 0
github.com/mrhumster/stream-service/internal/delivery/http/dto/request/update_stream_request.go:27.2,27.25 1 1
github.com/mrhumster/stream-service/internal/delivery/http/dto/request/update_stream_request.go:27.25,28.24 1 1
github.com/mrhumster/stream-service/internal/delivery/http/dto/request/update_stream_request.go:29.85,29.85 0 1
github.com/mrhumster/stream-service/internal/delivery/http/dto/request/update_stream_request.go:30.11,31.62 1 1
github.com/mrhumster/stream-service/internal/delivery/http/dto/request/update_stream_request.go:34.2,34.12 1 1
github.com/mrhumster/stream-service/internal/delivery/http/dto/request/update_stream_request.go:37.87,38.37 1 0
github.com/mrhumster/stream-service/internal/delivery/http/dto/request/update_stream_request.go:38.37,40.3 1 0
github.com/mrhumster/stream-service/internal/delivery/http/dto/request/update_stream_request.go:41.2,46.8 1 0
github.com/mrhumster/stream-service/internal/delivery/http/dto/response/error.go:7.39,11.2 1 0
github.com/mrhumster/stream-service/internal/delivery/http/dto/response/stream_response.go:25.60,38.26 2 1
github.com/mrhumster/stream-service/internal/delivery/http/dto/response/stream_response.go:38.26,42.3 3 0
github.com/mrhumster/stream-service/internal/delivery/http/dto/response/stream_response.go:44.2,44.30 1 1
github.com/mrhumster/stream-service/internal/delivery/http/dto/response/stream_response.go:44.30,48.3 3 0
github.com/mrhumster/stream-service/internal/delivery/http/dto/response/stream_response.go:50.2,50.13 1 1
github.com/mrhumster/stream-service/internal/delivery/http/handlers/stream_handler.go:17.69,19.2 1 1
github.com/mrhumster/stream-service/internal/delivery/http/handlers/stream_handler.go:21.52,23.13 2 0
github.com/mrhumster/stream-service/internal/delivery/http/handlers/stream_handler.go:23.13,25.3 1 0
github.com/mrhumster/stream-service/internal/delivery/http/handlers/stream_handler.go:26.2,26.77 1 0
github.com/mrhumster/stream-service/internal/delivery/http/handlers/stream_handler.go:29.54,31.13 2 1
github.com/mrhumster/stream-service/internal/delivery/http/handlers/stream_handler.go:31.13,34.3 2 0
github.com/mrhumster/stream-service/internal/delivery/http/handlers/stream_handler.go:36.2,37.9 2 1
github.com/mrhumster/stream-service/internal/delivery/http/handlers/stream_handler.go:37.9,40.3 2 0
github.com/mrhumster/stream-service/internal/delivery/http/handlers/stream_handler.go:42.2,43.47 2 1
github.com/mrhumster/stream-service/internal/delivery/http/handlers/stream_handler.go:43.47,45.3 1 1
github.com/mrhumster/stream-service/internal/delivery/http/handlers/stream_handler.go:47.2,49.16 2 1
github.com/mrhumster/stream-service/internal/delivery/http/handlers/stream_handler.go:49.16,51.3 1 0
github.com/mrhumster/stream-service/internal/delivery/http/handlers/stream_handler.go:53.2,54.16 2 1
github.com/mrhumster/stream-service/internal/delivery/http/handlers/stream_handler.go:54.16,58.3 2 0
github.com/mrhumster/stream-service/internal/delivery/http/handlers/stream_handler.go:59.2,60.34 2 1
github.com/mrhumster/stream-service/cmd/server/main.go:18.13,20.16 2 0
github.com/mrhumster/stream-service/cmd/server/main.go:20.16,22.3 1 0
github.com/mrhumster/stream-service/cmd/server/main.go:24.2,25.16 2 0
github.com/mrhumster/stream-service/cmd/server/main.go:25.16,27.3 1 0
github.com/mrhumster/stream-service/cmd/server/main.go:28.2,31.16 3 0
github.com/mrhumster/stream-service/cmd/server/main.go:31.16,33.3 1 0
github.com/mrhumster/stream-service/cmd/server/main.go:35.2,37.16 2 0
github.com/mrhumster/stream-service/cmd/server/main.go:37.16,39.3 1 0
github.com/mrhumster/stream-service/cmd/server/main.go:41.2,43.15 2 0
github.com/mrhumster/stream-service/cmd/server/main.go:43.15,46.17 3 0
github.com/mrhumster/stream-service/cmd/server/main.go:46.17,48.4 1 0
github.com/mrhumster/stream-service/cmd/server/main.go:49.3,49.39 1 0
github.com/mrhumster/stream-service/cmd/server/main.go:49.39,51.4 1 0
github.com/mrhumster/stream-service/cmd/server/main.go:54.2,61.12 2 0
github.com/mrhumster/stream-service/cmd/server/main.go:61.12,63.77 2 0
github.com/mrhumster/stream-service/cmd/server/main.go:63.77,66.4 2 0
github.com/mrhumster/stream-service/cmd/server/main.go:69.2,77.42 7 0
github.com/mrhumster/stream-service/cmd/server/main.go:77.42,79.3 1 0
github.com/mrhumster/stream-service/cmd/server/main.go:81.2,81.35 1 0
github.com/mrhumster/stream-service/config/config.go:33.36,52.2 1 0
github.com/mrhumster/stream-service/config/config.go:54.36,73.2 1 0
github.com/mrhumster/stream-service/config/config.go:75.39,84.2 1 0
github.com/mrhumster/stream-service/internal/database/database.go:14.58,16.16 2 0
github.com/mrhumster/stream-service/internal/database/database.go:16.16,18.3 1 0
github.com/mrhumster/stream-service/internal/database/database.go:19.2,20.16 2 0
github.com/mrhumster/stream-service/internal/database/database.go:20.16,22.3 1 0
github.com/mrhumster/stream-service/internal/database/database.go:23.2,30.16 8 0
github.com/mrhumster/stream-service/internal/domain/models/base.go:17.56,18.25 1 0
github.com/mrhumster/stream-service/internal/domain/models/base.go:18.25,20.3 1 0
github.com/mrhumster/stream-service/internal/domain/models/base.go:21.2,23.12 3 0
github.com/mrhumster/stream-service/internal/domain/models/base.go:26.56,29.2 2 0
github.com/mrhumster/stream-service/internal/domain/models/stream_methods.go:11.33,13.2 1 1
github.com/mrhumster/stream-service/internal/domain/models/stream_methods.go:15.38,17.2 1 0
github.com/mrhumster/stream-service/internal/domain/models/stream_methods.go:19.37,21.2 1 1
github.com/mrhumster/stream-service/internal/domain/models/stream_methods.go:23.33,25.2 1 1
github.com/mrhumster/stream-service/internal/domain/models/stream_methods.go:27.36,29.2 1 0
github.com/mrhumster/stream-service/internal/domain/models/stream_methods.go:31.34,32.21 1 0
github.com/mrhumster/stream-service/internal/domain/models/stream_methods.go:32.21,34.3 1 0
github.com/mrhumster/stream-service/internal/domain/models/stream_methods.go:35.2,38.12 4 0
github.com/mrhumster/stream-service/internal/domain/models/stream_methods.go:41.30,44.2 2 0
github.com/mrhumster/stream-service/internal/domain/models/stream_methods.go:46.57,48.62 2 0
github.com/mrhumster/stream-service/internal/domain/models/stream_methods.go:48.62,50.3 1 0
github.com/mrhumster/stream-service/internal/domain/models/stream_methods.go:51.2,51.23 1 0
github.com/mrhumster/stream-service/internal/domain/models/stream_methods.go:54.62,56.16 2 0
github.com/mrhumster/stream-service/internal/domain/models/stream_methods.go:56.16,58.3 1 0
github.com/mrhumster/stream-service/internal/domain/models/stream_methods.go:59.2,60.12 2 0
github.com/mrhumster/stream-service/internal/domain/models/stream_methods.go:63.59,65.64 2 0
github.com/mrhumster/stream-service/internal/domain/models/stream_methods.go:65.64,67.3 1 0
github.com/mrhumster/stream-service/internal/domain/models/stream_methods.go:68.2,68.24 1 0
github.com/mrhumster/stream-service/internal/domain/models/stream_methods.go:71.65,73.16 2 0
github.com/mrhumster/stream-service/internal/domain/models/stream_methods.go:73.16,75.3 1 0
github.com/mrhumster/stream-service/internal/domain/models/stream_methods.go:76.2,77.12 2 0
github.com/mrhumster/stream-service/internal/domain/models/stream_methods.go:80.86,87.16 3 0
github.com/mrhumster/stream-service/internal/domain/models/stream_methods.go:87.16,89.3 1 0
github.com/mrhumster/stream-service/internal/domain/models/stream_methods.go:90.2,91.12 2 0
github.com/mrhumster/stream-service/internal/domain/models/stream_methods.go:94.34,96.2 1 0
github.com/mrhumster/stream-service/internal/domain/models/stream_methods.go:98.51,100.2 1 1
github.com/mrhumster/stream-service/internal/domain/models/stream_validation.go:17.35,18.42 1 1
github.com/mrhumster/stream-service/internal/domain/models/stream_validation.go:18.42,20.3 1 1
github.com/mrhumster/stream-service/internal/domain/models/stream_validation.go:22.2,22.47 1 1
github.com/mrhumster/stream-service/internal/domain/models/stream_validation.go:22.47,24.3 1 1
github.com/mrhumster/stream-service/internal/domain/models/stream_validation.go:26.2,26.43 1 1
github.com/mrhumster/stream-service/internal/domain/models/stream_validation.go:26.43,28.3 1 1
github.com/mrhumster/stream-service/internal/domain/models/stream_validation.go:30.2,30.44 1 1
github.com/mrhumster/stream-service/internal/domain/models/stream_validation.go:30.44,32.3 1 1
github.com/mrhumster/stream-service/internal/domain/models/stream_validation.go:33.2,33.12 1 1
github.com/mrhumster/stream-service/internal/domain/models/stream_validation.go:36.41,37.18 1 1
github.com/mrhumster/stream-service/internal/domain/models/stream_validation.go:38.80,39.13 1 1
github.com/mrhumster/stream-service/internal/domain/models/stream_validation.go:40.10,41.26 1 1
github.com/mrhumster/stream-service/internal/domain/models/stream_validation.go:45.40,46.19 1 1
github.com/mrhumster/stream-service/internal/domain/models/stream_validation.go:46.19,48.3 1 1
github.com/mrhumster/stream-service/internal/domain/models/stream_validation.go:49.2,49.24 1 1
github.com/mrhumster/stream-service/internal/domain/models/stream_validation.go:49.24,51.3 1 1
github.com/mrhumster/stream-service/internal/domain/models/stream_validation.go:52.2,52.12 1 1
github.com/mrhumster/stream-service/internal/domain/models/stream_validation.go:55.45,56.22 1 1
github.com/mrhumster/stream-service/internal/domain/models/stream_validation.go:57.63,58.13 1 1
github.com/mrhumster/stream-service/internal/domain/models/stream_validation.go:59.10,60.30 1 1
github.com/mrhumster/stream-service/internal/domain/models/stream_validation.go:64.42,65.27 1 1
github.com/mrhumster/stream-service/internal/domain/models/stream_validation.go:65.27,67.3 1 1
github.com/mrhumster/stream-service/internal/domain/models/stream_validation.go:68.2,68.12 1 1
github.com/mrhumster/stream-service/internal/delivery/http/middleware/auth.go:16.73,17.30 1 0
github.com/mrhumster/stream-service/internal/delivery/http/middleware/auth.go:17.30,21.17 3 0
github.com/mrhumster/stream-service/internal/delivery/http/middleware/auth.go:21.17,26.4 4 0
github.com/mrhumster/stream-service/internal/delivery/http/middleware/auth.go:28.3,30.11 3 0
github.com/mrhumster/stream-service/internal/delivery/http/middleware/auth.go:34.43,36.22 2 0
github.com/mrhumster/stream-service/internal/delivery/http/middleware/auth.go:36.22,38.3 1 0
github.com/mrhumster/stream-service/internal/delivery/http/middleware/auth.go:39.2,40.45 2 0
github.com/mrhumster/stream-service/internal/delivery/http/middleware/auth.go:40.45,42.3 1 0
github.com/mrhumster/stream-service/internal/delivery/http/middleware/auth.go:43.2,43.17 1 0
github.com/mrhumster/stream-service/internal/delivery/http/middleware/auth.go:46.87,48.2 1 0
github.com/mrhumster/stream-service/internal/repository/stream_repository_impl.go:16.65,18.2 1 1
github.com/mrhumster/stream-service/internal/repository/stream_repository_impl.go:20.89,22.25 2 1
github.com/mrhumster/stream-service/internal/repository/stream_repository_impl.go:22.25,24.3 1 0
github.com/mrhumster/stream-service/internal/repository/stream_repository_impl.go:25.2,25.12 1 1
github.com/mrhumster/stream-service/internal/repository/stream_repository_impl.go:28.96,31.25 3 1
github.com/mrhumster/stream-service/internal/repository/stream_repository_impl.go:31.25,33.3 1 1
github.com/mrhumster/stream-service/internal/repository/stream_repository_impl.go:34.2,34.20 1 1
github.com/mrhumster/stream-service/internal/repository/stream_repository_impl.go:36.89,37.27 1 1
github.com/mrhumster/stream-service/internal/repository/stream_repository_impl.go:37.27,39.3 1 0
github.com/mrhumster/stream-service/internal/repository/stream_repository_impl.go:40.2,41.90 2 1
github.com/mrhumster/stream-service/internal/repository/stream_repository_impl.go:41.90,43.3 1 0
github.com/mrhumster/stream-service/internal/repository/stream_repository_impl.go:44.2,45.25 2 1
github.com/mrhumster/stream-service/internal/repository/stream_repository_impl.go:45.25,47.3 1 0
github.com/mrhumster/stream-service/internal/repository/stream_repository_impl.go:48.2,48.12 1 1
github.com/mrhumster/stream-service/internal/repository/stream_repository_impl.go:50.80,52.83 2 1
github.com/mrhumster/stream-service/internal/repository/stream_repository_impl.go:52.83,54.3 1 0
github.com/mrhumster/stream-service/internal/repository/stream_repository_impl.go:55.2,55.81 1 1
github.com/mrhumster/stream-service/internal/repository/stream_repository_impl.go:55.81,57.3 1 0
github.com/mrhumster/stream-service/internal/repository/stream_repository_impl.go:58.2,58.12 1 1
github.com/mrhumster/stream-service/internal/repository/stream_repository_impl.go:61.105,64.27 2 1
github.com/mrhumster/stream-service/internal/repository/stream_repository_impl.go:64.27,66.3 1 1
github.com/mrhumster/stream-service/internal/repository/stream_repository_impl.go:68.2,68.26 1 1
github.com/mrhumster/stream-service/internal/repository/stream_repository_impl.go:68.26,70.3 1 0
github.com/mrhumster/stream-service/internal/repository/stream_repository_impl.go:72.2,72.30 1 1
github.com/mrhumster/stream-service/internal/repository/stream_repository_impl.go:72.30,74.3 1 0
github.com/mrhumster/stream-service/internal/repository/stream_repository_impl.go:76.2,76.25 1 1
github.com/mrhumster/stream-service/internal/repository/stream_repository_impl.go:76.25,79.3 2 0
github.com/mrhumster/stream-service/internal/repository/stream_repository_impl.go:81.2,81.23 1 1
github.com/mrhumster/stream-service/internal/repository/stream_repository_impl.go:81.23,83.3 1 1
github.com/mrhumster/stream-service/internal/repository/stream_repository_impl.go:85.2,85.23 1 1
github.com/mrhumster/stream-service/internal/repository/stream_repository_impl.go:85.23,87.3 1 0
github.com/mrhumster/stream-service/internal/repository/stream_repository_impl.go:89.2,93.25 4 1
github.com/mrhumster/stream-service/internal/repository/stream_repository_impl.go:93.25,95.3 1 0
github.com/mrhumster/stream-service/internal/repository/stream_repository_impl.go:96.2,96.21 1 1
github.com/mrhumster/stream-service/internal/repository/stream_repository_impl.go:99.109,104.25 5 1
github.com/mrhumster/stream-service/internal/repository/stream_repository_impl.go:104.25,106.3 1 0
github.com/mrhumster/stream-service/internal/repository/stream_repository_impl.go:107.2,107.21 1 1
github.com/mrhumster/stream-service/internal/repository/stream_repository_impl.go:110.79,113.25 3 1
github.com/mrhumster/stream-service/internal/repository/stream_repository_impl.go:113.25,115.3 1 0
github.com/mrhumster/stream-service/internal/repository/stream_repository_impl.go:116.2,116.13 1 1
github.com/mrhumster/stream-service/internal/repository/stream_repository_impl.go:119.114,122.25 3 1
github.com/mrhumster/stream-service/internal/repository/stream_repository_impl.go:122.25,124.3 1 0
github.com/mrhumster/stream-service/internal/repository/stream_repository_impl.go:125.2,127.25 3 1
github.com/mrhumster/stream-service/internal/repository/stream_repository_impl.go:127.25,129.3 1 0
github.com/mrhumster/stream-service/internal/repository/stream_repository_impl.go:130.2,130.12 1 1
github.com/mrhumster/stream-service/internal/repository/stream_repository_impl.go:133.126,136.25 3 1
github.com/mrhumster/stream-service/internal/repository/stream_repository_impl.go:136.25,138.3 1 0
github.com/mrhumster/stream-service/internal/repository/stream_repository_impl.go:139.2,139.105 1 1
github.com/mrhumster/stream-service/internal/repository/stream_repository_impl.go:139.105,141.3 1 0
github.com/mrhumster/stream-service/internal/repository/stream_repository_impl.go:142.2,143.25 2 1
github.com/mrhumster/stream-service/internal/repository/stream_repository_impl.go:143.25,145.3 1 0
github.com/mrhumster/stream-service/internal/repository/stream_repository_impl.go:146.2,146.12 1 1
github.com/mrhumster/stream-service/internal/repository/stream_repository_impl.go:149.88,151.71 2 0
github.com/mrhumster/stream-service/internal/repository/stream_repository_impl.go:151.71,153.3 1 0
github.com/mrhumster/stream-service/internal/repository/stream_repository_impl.go:154.2,155.16 2 0
github.com/mrhumster/stream-service/internal/repository/stream_repository_impl.go:155.16,157.3 1 0
github.com/mrhumster/stream-service/internal/repository/stream_repository_impl.go:158.2,159.55 2 0
github.com/mrhumster/stream-service/internal/repository/stream_repository_impl.go:159.55,161.3 1 0
github.com/mrhumster/stream-service/internal/repository/stream_repository_impl.go:162.2,162.65 1 0
github.com/mrhumster/stream-service/internal/repository/stream_repository_impl.go:162.65,164.3 1 0
github.com/mrhumster/stream-service/internal/repository/stream_repository_impl.go:165.2,165.12 1 0
github.com/mrhumster/stream-service/internal/repository/stream_repository_mock.go:15.89,18.2 2 1
github.com/mrhumster/stream-service/internal/repository/stream_repository_mock.go:20.96,23.24 3 1
github.com/mrhumster/stream-service/internal/repository/stream_repository_mock.go:23.24,25.3 1 1
github.com/mrhumster/stream-service/internal/repository/stream_repository_mock.go:26.2,26.30 1 1
github.com/mrhumster/stream-service/internal/repository/stream_repository_mock.go:29.104,31.24 2 0
github.com/mrhumster/stream-service/internal/repository/stream_repository_mock.go:31.24,33.3 1 0
github.com/mrhumster/stream-service/internal/repository/stream_repository_mock.go:34.2,34.54 1 0
github.com/mrhumster/stream-service/internal/repository/stream_repository_mock.go:37.105,39.24 2 0
github.com/mrhumster/stream-service/internal/repository/stream_repository_mock.go:39.24,41.3 1 0
github.com/mrhumster/stream-service/internal/repository/stream_repository_mock.go:42.2,42.54 1 0
github.com/mrhumster/stream-service/internal/repository/stream_repository_mock.go:45.80,48.2 2 1
github.com/mrhumster/stream-service/internal/repository/stream_repository_mock.go:50.79,53.2 2 0
github.com/mrhumster/stream-service/internal/repository/stream_repository_mock.go:55.88,58.2 2 0
github.com/mrhumster/stream-service/internal/repository/stream_repository_mock.go:60.114,63.2 2 0
github.com/mrhumster/stream-service/internal/repository/stream_repository_mock.go:65.126,68.2 2 0
github.com/mrhumster/stream-service/internal/repository/stream_repository_mock.go:70.89,73.2 2 0
github.com/mrhumster/stream-service/internal/service/stream_service_impl.go:20.80,24.2 1 1
github.com/mrhumster/stream-service/internal/service/stream_service_impl.go:26.112,27.21 1 1
github.com/mrhumster/stream-service/internal/service/stream_service_impl.go:27.21,29.3 1 1
github.com/mrhumster/stream-service/internal/service/stream_service_impl.go:31.2,31.29 1 1
github.com/mrhumster/stream-service/internal/service/stream_service_impl.go:31.29,33.3 1 0
github.com/mrhumster/stream-service/internal/service/stream_service_impl.go:35.2,43.23 2 1
github.com/mrhumster/stream-service/internal/service/stream_service_impl.go:43.23,45.17 2 1
github.com/mrhumster/stream-service/internal/service/stream_service_impl.go:45.17,47.4 1 0
github.com/mrhumster/stream-service/internal/service/stream_service_impl.go:49.3,49.41 1 1
github.com/mrhumster/stream-service/internal/service/stream_service_impl.go:52.2,52.51 1 1
github.com/mrhumster/stream-service/internal/service/stream_service_impl.go:52.51,54.3 1 1
github.com/mrhumster/stream-service/internal/service/stream_service_impl.go:56.2,56.20 1 1
github.com/mrhumster/stream-service/internal/service/stream_service_impl.go:58.98,60.16 2 1
github.com/mrhumster/stream-service/internal/service/stream_service_impl.go:60.16,61.45 1 1
github.com/mrhumster/stream-service/internal/service/stream_service_impl.go:61.45,63.4 1 1
github.com/mrhumster/stream-service/internal/service/stream_service_impl.go:64.3,64.58 1 1
github.com/mrhumster/stream-service/internal/service/stream_service_impl.go:66.2,66.20 1 1
github.com/mrhumster/stream-service/internal/service/stream_service_impl.go:69.126,72.45 2 1
github.com/mrhumster/stream-service/internal/service/stream_service_impl.go:72.45,74.3 1 1
github.com/mrhumster/stream-service/internal/service/stream_service_impl.go:76.2,76.16 1 1
github.com/mrhumster/stream-service/internal/service/stream_service_impl.go:76.16,78.3 1 0
github.com/mrhumster/stream-service/internal/service/stream_service_impl.go:80.2,80.22 1 1
github.com/mrhumster/stream-service/internal/service/stream_service_impl.go:80.22,81.23 1 1
github.com/mrhumster/stream-service/internal/service/stream_service_impl.go:81.23,83.4 1 1
github.com/mrhumster/stream-service/internal/service/stream_service_impl.go:84.3,84.28 1 1
github.com/mrhumster/stream-service/internal/service/stream_service_impl.go:84.28,86.4 1 1
github.com/mrhumster/stream-service/internal/service/stream_service_impl.go:87.3,87.28 1 1
github.com/mrhumster/stream-service/internal/service/stream_service_impl.go:90.2,90.28 1 1
github.com/mrhumster/stream-service/internal/service/stream_service_impl.go:90.28,92.3 1 1
github.com/mrhumster/stream-service/internal/service/stream_service_impl.go:94.2,94.27 1 1
github.com/mrhumster/stream-service/internal/service/stream_service_impl.go:94.27,96.3 1 1
github.com/mrhumster/stream-service/internal/service/stream_service_impl.go:98.2,98.21 1 1
github.com/mrhumster/stream-service/internal/service/stream_service_impl.go:98.21,100.17 2 1
github.com/mrhumster/stream-service/internal/service/stream_service_impl.go:100.17,102.4 1 0
github.com/mrhumster/stream-service/internal/service/stream_service_impl.go:103.3,103.41 1 1
github.com/mrhumster/stream-service/internal/service/stream_service_impl.go:106.2,106.51 1 1
github.com/mrhumster/stream-service/internal/service/stream_service_impl.go:106.51,108.3 1 0
github.com/mrhumster/stream-service/internal/service/stream_service_impl.go:110.2,110.20 1 1
github.com/mrhumster/stream-service/internal/service/stream_service_impl.go:113.83,115.16 2 1
github.com/mrhumster/stream-service/internal/service/stream_service_impl.go:115.16,116.45 1 1
github.com/mrhumster/stream-service/internal/service/stream_service_impl.go:116.45,118.4 1 1
github.com/mrhumster/stream-service/internal/service/stream_service_impl.go:119.3,119.52 1 1
github.com/mrhumster/stream-service/internal/service/stream_service_impl.go:121.2,121.45 1 1
github.com/mrhumster/stream-service/internal/service/stream_service_impl.go:121.45,123.3 1 1
github.com/mrhumster/stream-service/internal/service/stream_service_impl.go:125.2,125.47 1 1
github.com/mrhumster/stream-service/internal/service/stream_service_impl.go:125.47,127.3 1 0
github.com/mrhumster/stream-service/internal/service/stream_service_impl.go:128.2,128.12 1 1
github.com/mrhumster/stream-service/internal/service/stream_service_impl.go:131.120,133.16 2 1
github.com/mrhumster/stream-service/internal/service/stream_service_impl.go:133.16,135.3 1 1
github.com/mrhumster/stream-service/internal/service/stream_service_impl.go:136.2,136.21 1 1
github.com/mrhumster/stream-service/internal/service/stream_service_impl.go:139.110,145.2 2 1
github.com/mrhumster/stream-service/internal/service/stream_service_impl.go:147.90,149.2 1 0
github.com/mrhumster/stream-service/internal/service/stream_service_impl.go:151.92,153.2 1 0
github.com/mrhumster/stream-service/internal/service/stream_service_impl.go:155.123,157.2 1 0
github.com/mrhumster/stream-service/internal/service/stream_service_impl.go:159.109,161.2 1 0
github.com/mrhumster/stream-service/internal/service/stream_service_impl.go:163.97,165.2 1 0
github.com/mrhumster/stream-service/internal/service/stream_service_impl.go:167.122,169.2 1 0
github.com/mrhumster/stream-service/internal/service/token_service.go:20.62,21.34 1 0
github.com/mrhumster/stream-service/internal/service/token_service.go:21.34,23.3 1 0
github.com/mrhumster/stream-service/internal/service/token_service.go:25.2,29.16 4 0
github.com/mrhumster/stream-service/internal/service/token_service.go:29.16,31.3 1 0
github.com/mrhumster/stream-service/internal/service/token_service.go:33.2,34.16 2 0
github.com/mrhumster/stream-service/internal/service/token_service.go:34.16,36.3 1 0
github.com/mrhumster/stream-service/internal/service/token_service.go:38.2,40.38 2 0
github.com/mrhumster/stream-service/internal/service/token_service.go:40.38,42.3 1 0
github.com/mrhumster/stream-service/internal/service/token_service.go:44.2,45.16 2 0
github.com/mrhumster/stream-service/internal/service/token_service.go:45.16,47.3 1 0
github.com/mrhumster/stream-service/internal/service/token_service.go:49.2,55.8 3 0
github.com/mrhumster/stream-service/internal/service/token_service.go:58.94,59.109 1 0
github.com/mrhumster/stream-service/internal/service/token_service.go:59.109,60.57 1 0
github.com/mrhumster/stream-service/internal/service/token_service.go:60.57,62.4 1 0
github.com/mrhumster/stream-service/internal/service/token_service.go:63.3,63.32 1 0
github.com/mrhumster/stream-service/internal/service/token_service.go:65.2,65.16 1 0
github.com/mrhumster/stream-service/internal/service/token_service.go:65.16,67.3 1 0
github.com/mrhumster/stream-service/internal/service/token_service.go:68.2,68.59 1 0
github.com/mrhumster/stream-service/internal/service/token_service.go:68.59,71.18 2 0
github.com/mrhumster/stream-service/internal/service/token_service.go:71.18,73.4 1 0
github.com/mrhumster/stream-service/internal/service/token_service.go:74.8,75.56 1 0
github.com/mrhumster/stream-service/internal/service/token_service.go:75.56,77.4 1 0
github.com/mrhumster/stream-service/internal/service/token_service.go:79.2,79.54 1 0
github.com/mrhumster/stream-service/internal/delivery/http/routes/routes.go:24.106,31.14 3 0
github.com/mrhumster/stream-service/internal/delivery/http/routes/routes.go:32.16,34.33 2 0
github.com/mrhumster/stream-service/internal/delivery/http/routes/routes.go:35.17,37.33 2 0
github.com/mrhumster/stream-service/internal/delivery/http/routes/routes.go:38.19,40.33 2 0
github.com/mrhumster/stream-service/internal/delivery/http/routes/routes.go:41.10,43.33 2 0
github.com/mrhumster/stream-service/internal/delivery/http/routes/routes.go:46.2,46.16 1 0
github.com/mrhumster/stream-service/internal/delivery/http/routes/routes.go:46.16,48.3 1 0
github.com/mrhumster/stream-service/internal/delivery/http/routes/routes.go:50.2,51.16 2 0
github.com/mrhumster/stream-service/internal/delivery/http/routes/routes.go:51.16,53.3 1 0
github.com/mrhumster/stream-service/internal/delivery/http/routes/routes.go:55.2,59.47 4 0
github.com/mrhumster/stream-service/internal/delivery/http/routes/routes.go:59.47,60.36 1 0
github.com/mrhumster/stream-service/internal/delivery/http/routes/routes.go:60.36,64.4 3 0
github.com/mrhumster/stream-service/internal/delivery/http/routes/routes.go:65.3,65.47 1 0
github.com/mrhumster/stream-service/internal/delivery/http/routes/routes.go:68.2,71.2 4 0
github.com/mrhumster/stream-service/internal/delivery/http/routes/routes.go:71.2,74.3 2 0
github.com/mrhumster/stream-service/internal/delivery/http/routes/routes.go:75.2,75.15 1 0
github.com/mrhumster/stream-service/internal/service/mocks/stream_service_mock.go:17.120,19.24 2 0
github.com/mrhumster/stream-service/internal/service/mocks/stream_service_mock.go:19.24,21.3 1 0
github.com/mrhumster/stream-service/internal/service/mocks/stream_service_mock.go:22.2,22.52 1 0
github.com/mrhumster/stream-service/internal/service/mocks/stream_service_mock.go:25.98,27.24 2 0
github.com/mrhumster/stream-service/internal/service/mocks/stream_service_mock.go:27.24,29.3 1 0
github.com/mrhumster/stream-service/internal/service/mocks/stream_service_mock.go:30.2,30.52 1 0
github.com/mrhumster/stream-service/internal/service/mocks/stream_service_mock.go:33.134,35.24 2 0
github.com/mrhumster/stream-service/internal/service/mocks/stream_service_mock.go:35.24,37.3 1 0
github.com/mrhumster/stream-service/internal/service/mocks/stream_service_mock.go:38.2,38.52 1 0
github.com/mrhumster/stream-service/internal/service/mocks/stream_service_mock.go:41.83,44.2 2 0
github.com/mrhumster/stream-service/internal/service/mocks/stream_service_mock.go:46.120,48.24 2 0
github.com/mrhumster/stream-service/internal/service/mocks/stream_service_mock.go:48.24,50.3 1 0
github.com/mrhumster/stream-service/internal/service/mocks/stream_service_mock.go:51.2,51.54 1 0
github.com/mrhumster/stream-service/internal/service/mocks/stream_service_mock.go:54.110,56.24 2 0
github.com/mrhumster/stream-service/internal/service/mocks/stream_service_mock.go:56.24,58.3 1 0
github.com/mrhumster/stream-service/internal/service/mocks/stream_service_mock.go:59.2,59.54 1 0
github.com/mrhumster/stream-service/internal/service/mocks/stream_service_mock.go:62.90,65.2 2 0
github.com/mrhumster/stream-service/internal/service/mocks/stream_service_mock.go:67.92,70.2 2 0
github.com/mrhumster/stream-service/internal/service/mocks/stream_service_mock.go:72.123,75.2 2 0
github.com/mrhumster/stream-service/internal/service/mocks/stream_service_mock.go:77.117,79.24 2 0
github.com/mrhumster/stream-service/internal/service/mocks/stream_service_mock.go:79.24,81.3 1 0
github.com/mrhumster/stream-service/internal/service/mocks/stream_service_mock.go:82.2,82.57 1 0
github.com/mrhumster/stream-service/internal/service/mocks/stream_service_mock.go:85.97,88.2 2 0
github.com/mrhumster/stream-service/internal/service/mocks/stream_service_mock.go:90.122,93.2 2 0
